[10Aug2025 00:00:05.372] [Server thread/INFO] [APTweaks(Core)/]: [APTweaks:Core] ↑ Server load changed from VERY_LOW (avg. 18.955272674560547) to LOW (avg. 20.57741928100586)
[10Aug2025 00:00:35.370] [Server thread/INFO] [APTweaks(Core)/]: [APTweaks:Core] ↓ Server load changed from LOW (avg. 20.617237091064453) to VERY_LOW (avg. 16.89063835144043)
[10Aug2025 00:01:05.370] [Server thread/INFO] [APTweaks(Core)/]: [APTweaks:Core] ↑ Server load changed from VERY_LOW (avg. 18.878536224365234) to LOW (avg. 20.811975479125977)
[10Aug2025 00:01:20.370] [Server thread/INFO] [APTweaks(Core)/]: [APTweaks:Core] ↓ Server load changed from LOW (avg. 20.811975479125977) to VERY_LOW (avg. 17.783105850219727)
[10Aug2025 00:01:35.503] [Server thread/INFO] [net.minecraft.server.MinecraftServer/]: [Thes912: Teleported Thes912 to -405.500000, 163.596443, -1327.500000]
[10Aug2025 00:01:35.858] [Server thread/INFO] [APTweaks(Core)/]: [APTweaks:Core] ↑ Server load changed from VERY_LOW (avg. 17.783105850219727) to LOW (avg. 33.84508514404297)
[10Aug2025 00:01:50.205] [Server thread/INFO] [net.minecraft.server.MinecraftServer/]: [Thes912: Teleported Thes912 to -1085.500000, 159.477091, -1309.500000]
[10Aug2025 00:01:50.409] [Server thread/INFO] [APTweaks(Core)/]: [APTweaks:Core] ↓ Server load changed from LOW (avg. 33.84508514404297) to VERY_LOW (avg. 7.6090497970581055)
[10Aug2025 00:02:11.938] [Server thread/WARN] [net.minecraft.server.network.ServerGamePacketListenerImpl/]: Thes912 moved too quickly! 6.753586895958961,0.0,7.919187672849375
[10Aug2025 00:02:14.514] [Server thread/WARN] [net.minecraft.server.network.ServerGamePacketListenerImpl/]: Thes912 moved too quickly! 6.945314676116368,0.0,8.525377215948765
[10Aug2025 00:02:18.263] [Server thread/WARN] [net.minecraft.server.network.ServerGamePacketListenerImpl/]: Thes912 moved too quickly! 6.734751037490469,0.0,8.266910244909468
[10Aug2025 00:02:20.674] [Server thread/WARN] [net.minecraft.server.network.ServerGamePacketListenerImpl/]: Thes912 moved too quickly! 6.661411469223822,0.0,8.176885888421566
[10Aug2025 00:02:25.527] [Server thread/INFO] [net.minecraft.server.MinecraftServer/]: [Thes912: Teleported Thes912 to -763.500000, 160.964998, -929.500000]
[10Aug2025 00:02:37.252] [Server thread/WARN] [net.minecraft.server.network.ServerGamePacketListenerImpl/]: Thes912 moved too quickly! 1.177202923005325,0.0,9.982103103993722
[10Aug2025 00:02:47.508] [Server thread/WARN] [net.minecraft.server.network.ServerGamePacketListenerImpl/]: Thes912 moved too quickly! -10.183180332482038,0.0,3.5717199449784403
[10Aug2025 00:02:51.112] [Server thread/WARN] [net.minecraft.server.network.ServerGamePacketListenerImpl/]: Thes912 moved too quickly! -10.516782923965934,0.0,0.23629140420553085
[10Aug2025 00:02:54.816] [Server thread/WARN] [net.minecraft.server.network.ServerGamePacketListenerImpl/]: Thes912 moved too quickly! -10.547354594428157,0.0,0.5291240315116283
[10Aug2025 00:03:06.488] [Server thread/WARN] [net.minecraft.server.network.ServerGamePacketListenerImpl/]: Thes912 moved too quickly! 0.0,-12.784277490469123,0.0
[10Aug2025 00:03:39.715] [Server thread/INFO] [net.minecraft.server.MinecraftServer/]: [Thes912: Summoned new Spruce Sloop]
[10Aug2025 00:04:19.484] [Server thread/INFO] [net.minecraft.server.network.ServerGamePacketListenerImpl/]: Thes912 lost connection: Disconnected
[10Aug2025 00:04:19.485] [Server thread/INFO] [net.minecraft.server.MinecraftServer/]: Thes912 left the game
[10Aug2025 00:04:19.490] [Server thread/INFO] [voicechat/]: [voicechat] Disconnecting client Thes912
