[02:23:11] [INFO] Loading Preset mobs:phantom_size_3 
[02:23:11] [INFO] Loaded Preset mobs:phantom_size_3 
[02:23:11] [INFO] Loading Preset mobs:phantom_size_4 
[02:23:11] [INFO] Loaded Preset mobs:phantom_size_4 
[02:23:11] [INFO] Loading Preset mobs:phantom_size_5 
[02:23:11] [INFO] Loaded Preset mobs:phantom_size_5 
[02:23:11] [INFO] Loading Preset mobs:phantom_size_6 
[02:23:11] [INFO] Loaded Preset mobs:phantom_size_6 
[02:23:11] [INFO] Loading Preset mobs:phantom_size_1 
[02:23:11] [INFO] Loaded Preset mobs:phantom_size_1 
[02:23:11] [INFO] Loading Preset mobs:phantom_size_2 
[02:23:11] [INFO] Loaded Preset mobs:phantom_size_2 
[02:23:11] [INFO] Loaded 6 Presets 
[02:23:11] [INFO] Loading Mob mobs:fallen_chaos_knight 
[02:23:11] [INFO] Loaded Mob mobs:fallen_chaos_knight 
[02:23:11] [INFO] Loading Mob mobs:meature 
[02:23:11] [INFO] Loaded Mob mobs:meature 
[02:23:11] [INFO] Loading Mob mobs:dire_hound_leader 
[02:23:11] [INFO] Loaded Mob mobs:dire_hound_leader 
[02:23:11] [INFO] Loading Mob mobs:phantom 
[02:23:11] [INFO] Loaded Mob mobs:phantom 
[02:23:11] [INFO] Loading Mob mobs:lich_minion 
[02:23:11] [INFO] Loaded Mob mobs:lich_minion 
[02:23:11] [INFO] Loading Mob mobs:skeleton_thrasher 
[02:23:11] [ERROR] Validation error loading Mob mobs:skeleton_thrasher: Missing "target" for OnHit object: OnHit{chance: ModifiableValue{value: 0.850000, difficulty_modifier: null, world_spawn_distance_modifier: null, depth_modifier: null, time_existed_modifier: null, conditionModifiers: null, round: null}, play_sound: null, function: null, scale_pehkui: null, potion_effects: [PotionEffect{id: minecraft:speed, amplifier: Range{ModifiableValue{value: 2.000000, difficulty_modifier: null, world_spawn_distance_modifier: null, depth_modifier: null, time_existed_modifier: null, conditionModifiers: null, round: null}, max: 2.0}, chance: null, duration: Range{ModifiableValue{value: 5.000000, difficulty_modifier: null, world_spawn_distance_modifier: null, depth_modifier: null, time_existed_modifier: null, conditionModifiers: null, round: null}, max: 5.0}, ambient: false, hide_particles: false, conditions: null}], damage_modifier_operation: null, damage_modifier: null, target: null, damage_type: null, health_left: null} 
[02:23:11] [INFO] Loading Mob mobs:siamese_skeletons 
[02:23:11] [INFO] Loaded Mob mobs:siamese_skeletons 
[02:23:11] [INFO] Loading Mob mobs:goblin_thief 
[02:23:11] [INFO] Loaded Mob mobs:goblin_thief 
[02:23:11] [INFO] Loading Mob mobs:troll 
[02:23:11] [INFO] Loaded Mob mobs:troll 
[02:23:11] [INFO] Loading Mob mobs:cave_centipide 
[02:23:11] [INFO] Loaded Mob mobs:cave_centipide 
[02:23:11] [INFO] Loading Mob mobs:spider 
[02:23:11] [INFO] Loaded Mob mobs:spider 
[02:23:11] [INFO] Loading Mob mobs:intruder 
[02:23:11] [INFO] Loaded Mob mobs:intruder 
[02:23:11] [INFO] Loading Mob mobs:necromancer 
[02:23:11] [INFO] Loaded Mob mobs:necromancer 
[02:23:11] [INFO] Loading Mob mobs:siamese_skeletonsright 
[02:23:11] [INFO] Loaded Mob mobs:siamese_skeletonsright 
[02:23:11] [INFO] Loading Mob mobs:mr_pumpkin 
[02:23:11] [INFO] Loaded Mob mobs:mr_pumpkin 
[02:23:11] [INFO] Loading Mob mobs:sprinter 
[02:23:11] [INFO] Loaded Mob mobs:sprinter 
[02:23:11] [INFO] Loading Mob mobs:amethyst_crab 
[02:23:11] [INFO] Loaded Mob mobs:amethyst_crab 
[02:23:11] [INFO] Loading Mob mobs:swarmer 
[02:23:11] [ERROR] Validation error loading Mob mobs:swarmer: Missing "target" for OnHit object: OnHit{chance: null, play_sound: null, function: null, scale_pehkui: null, potion_effects: [PotionEffect{id: born_in_chaos_v1:rotten_smell, amplifier: Range{ModifiableValue{value: 0.000000, difficulty_modifier: null, world_spawn_distance_modifier: null, depth_modifier: null, time_existed_modifier: null, conditionModifiers: null, round: null}, max: 0.0}, chance: null, duration: Range{ModifiableValue{value: 180.000000, difficulty_modifier: null, world_spawn_distance_modifier: null, depth_modifier: null, time_existed_modifier: null, conditionModifiers: null, round: null}, max: 180.0}, ambient: false, hide_particles: false, conditions: null}], damage_modifier_operation: null, damage_modifier: null, target: null, damage_type: null, health_left: null} 
[02:23:11] [INFO] Loading Mob mobs:forgotten 
[02:23:11] [INFO] Loaded Mob mobs:forgotten 
[02:23:11] [INFO] Loading Mob mobs:zombie_bruiser 
[02:23:11] [INFO] Loaded Mob mobs:zombie_bruiser 
[02:23:11] [INFO] Loading Mob mobs:trollenraged 
[02:23:11] [INFO] Loaded Mob mobs:trollenraged 
[02:23:11] [INFO] Loading Mob mobs:swampjaw 
[02:23:11] [INFO] Loaded Mob mobs:swampjaw 
[02:23:11] [INFO] Loading Mob mobs:iron_golem 
[02:23:11] [INFO] Loaded Mob mobs:iron_golem 
[02:23:11] [INFO] Loading Mob mobs:slugger 
[02:23:11] [INFO] Loaded Mob mobs:slugger 
[02:23:11] [INFO] Loading Mob mobs:conjurer 
[02:23:11] [INFO] Loaded Mob mobs:conjurer 
[02:23:11] [INFO] Loading Mob mobs:big_troll 
[02:23:11] [INFO] Loaded Mob mobs:big_troll 
[02:23:11] [INFO] Loading Mob mobs:direwolf 
[02:23:11] [INFO] Loaded Mob mobs:direwolf 
[02:23:11] [INFO] Loading Mob mobs:restless_spirit 
[02:23:11] [INFO] Loaded Mob mobs:restless_spirit 
[02:23:11] [INFO] Loading Mob mobs:supreme_bonescaller 
[02:23:11] [INFO] Loaded Mob mobs:supreme_bonescaller 
[02:23:11] [INFO] Loading Mob mobs:equestrian 
[02:23:11] [INFO] Loaded Mob mobs:equestrian 
[02:23:11] [INFO] Loading Mob mobs:death_tome 
[02:23:11] [INFO] Loaded Mob mobs:death_tome 
[02:23:11] [INFO] Loading Mob mobs:bonescaller 
[02:23:11] [INFO] Loaded Mob mobs:bonescaller 
[02:23:11] [INFO] Loading Mob mobs:seared_spirit 
[02:23:11] [INFO] Loaded Mob mobs:seared_spirit 
[02:23:11] [INFO] Loading Mob mobs:twilight_lich 
[02:23:11] [INFO] Loaded Mob mobs:twilight_lich 
[02:23:11] [INFO] Loading Mob mobs:naga 
[02:23:11] [INFO] Loaded Mob mobs:naga 
[02:23:11] [INFO] Loading Mob mobs:gorgon 
[02:23:11] [INFO] Loaded Mob mobs:gorgon 
[02:23:11] [INFO] Loading Mob mobs:zombie_clown 
[02:23:11] [INFO] Loaded Mob mobs:zombie_clown 
[02:23:11] [INFO] Loading Mob mobs:dread_hound 
[02:23:11] [INFO] Loaded Mob mobs:dread_hound 
[02:23:11] [INFO] Loading Mob mobs:tarantula 
[02:23:11] [INFO] Loaded Mob mobs:tarantula 
[02:23:11] [INFO] Loading Mob mobs:rocky_roller 
[02:23:11] [INFO] Loaded Mob mobs:rocky_roller 
[02:23:11] [INFO] Loading Mob mobs:vampire 
[02:23:11] [INFO] Loaded Mob mobs:vampire 
[02:23:11] [INFO] Loading Mob mobs:dame_fortuna 
[02:23:11] [INFO] Loaded Mob mobs:dame_fortuna 
[02:23:11] [INFO] Loading Mob mobs:murmur 
[02:23:11] [INFO] Loaded Mob mobs:murmur 
[02:23:11] [INFO] Loading Mob mobs:scarlet_persecutor 
[02:23:11] [INFO] Loaded Mob mobs:scarlet_persecutor 
[02:23:11] [INFO] Loading Mob mobs:vampflyer 
[02:23:11] [INFO] Loaded Mob mobs:vampflyer 
[02:23:11] [INFO] Loading Mob mobs:bellringer 
[02:23:11] [INFO] Loaded Mob mobs:bellringer 
[02:23:11] [INFO] Loading Mob mobs:siamese_skeletonsleft 
[02:23:11] [INFO] Loaded Mob mobs:siamese_skeletonsleft 
[02:23:11] [INFO] Loading Mob mobs:missioner 
[02:23:11] [INFO] Loaded Mob mobs:missioner 
[02:23:11] [INFO] Loading Mob mobs:wasp 
[02:23:11] [INFO] Loaded Mob mobs:wasp 
[02:23:11] [INFO] Loaded 47 Mob(s) 
[02:23:41] [INFO] Loading Preset mobs:phantom_size_3 
[02:23:41] [INFO] Loaded Preset mobs:phantom_size_3 
[02:23:41] [INFO] Loading Preset mobs:phantom_size_4 
[02:23:41] [INFO] Loaded Preset mobs:phantom_size_4 
[02:23:41] [INFO] Loading Preset mobs:phantom_size_5 
[02:23:41] [INFO] Loaded Preset mobs:phantom_size_5 
[02:23:41] [INFO] Loading Preset mobs:phantom_size_6 
[02:23:41] [INFO] Loaded Preset mobs:phantom_size_6 
[02:23:41] [INFO] Loading Preset mobs:phantom_size_1 
[02:23:41] [INFO] Loaded Preset mobs:phantom_size_1 
[02:23:41] [INFO] Loading Preset mobs:phantom_size_2 
[02:23:41] [INFO] Loaded Preset mobs:phantom_size_2 
[02:23:41] [INFO] Loaded 6 Presets 
[02:23:41] [INFO] Loading Mob mobs:fallen_chaos_knight 
[02:23:41] [INFO] Loaded Mob mobs:fallen_chaos_knight 
[02:23:41] [INFO] Loading Mob mobs:meature 
[02:23:41] [INFO] Loaded Mob mobs:meature 
[02:23:41] [INFO] Loading Mob mobs:dire_hound_leader 
[02:23:41] [INFO] Loaded Mob mobs:dire_hound_leader 
[02:23:41] [INFO] Loading Mob mobs:phantom 
[02:23:41] [INFO] Loaded Mob mobs:phantom 
[02:23:41] [INFO] Loading Mob mobs:lich_minion 
[02:23:41] [INFO] Loaded Mob mobs:lich_minion 
[02:23:41] [INFO] Loading Mob mobs:skeleton_thrasher 
[02:23:41] [ERROR] Validation error loading Mob mobs:skeleton_thrasher: Missing "target" for OnHit object: OnHit{chance: ModifiableValue{value: 0.850000, difficulty_modifier: null, world_spawn_distance_modifier: null, depth_modifier: null, time_existed_modifier: null, conditionModifiers: null, round: null}, play_sound: null, function: null, scale_pehkui: null, potion_effects: [PotionEffect{id: minecraft:speed, amplifier: Range{ModifiableValue{value: 2.000000, difficulty_modifier: null, world_spawn_distance_modifier: null, depth_modifier: null, time_existed_modifier: null, conditionModifiers: null, round: null}, max: 2.0}, chance: null, duration: Range{ModifiableValue{value: 5.000000, difficulty_modifier: null, world_spawn_distance_modifier: null, depth_modifier: null, time_existed_modifier: null, conditionModifiers: null, round: null}, max: 5.0}, ambient: false, hide_particles: false, conditions: null}], damage_modifier_operation: null, damage_modifier: null, target: null, damage_type: null, health_left: null} 
[02:23:41] [INFO] Loading Mob mobs:siamese_skeletons 
[02:23:41] [INFO] Loaded Mob mobs:siamese_skeletons 
[02:23:41] [INFO] Loading Mob mobs:goblin_thief 
[02:23:41] [INFO] Loaded Mob mobs:goblin_thief 
[02:23:41] [INFO] Loading Mob mobs:troll 
[02:23:41] [INFO] Loaded Mob mobs:troll 
[02:23:41] [INFO] Loading Mob mobs:cave_centipide 
[02:23:41] [INFO] Loaded Mob mobs:cave_centipide 
[02:23:41] [INFO] Loading Mob mobs:spider 
[02:23:41] [INFO] Loaded Mob mobs:spider 
[02:23:41] [INFO] Loading Mob mobs:intruder 
[02:23:41] [INFO] Loaded Mob mobs:intruder 
[02:23:41] [INFO] Loading Mob mobs:necromancer 
[02:23:41] [INFO] Loaded Mob mobs:necromancer 
[02:23:41] [INFO] Loading Mob mobs:siamese_skeletonsright 
[02:23:41] [INFO] Loaded Mob mobs:siamese_skeletonsright 
[02:23:41] [INFO] Loading Mob mobs:mr_pumpkin 
[02:23:41] [INFO] Loaded Mob mobs:mr_pumpkin 
[02:23:41] [INFO] Loading Mob mobs:sprinter 
[02:23:41] [INFO] Loaded Mob mobs:sprinter 
[02:23:41] [INFO] Loading Mob mobs:amethyst_crab 
[02:23:41] [INFO] Loaded Mob mobs:amethyst_crab 
[02:23:41] [INFO] Loading Mob mobs:swarmer 
[02:23:41] [ERROR] Validation error loading Mob mobs:swarmer: Missing "target" for OnHit object: OnHit{chance: null, play_sound: null, function: null, scale_pehkui: null, potion_effects: [PotionEffect{id: born_in_chaos_v1:rotten_smell, amplifier: Range{ModifiableValue{value: 0.000000, difficulty_modifier: null, world_spawn_distance_modifier: null, depth_modifier: null, time_existed_modifier: null, conditionModifiers: null, round: null}, max: 0.0}, chance: null, duration: Range{ModifiableValue{value: 180.000000, difficulty_modifier: null, world_spawn_distance_modifier: null, depth_modifier: null, time_existed_modifier: null, conditionModifiers: null, round: null}, max: 180.0}, ambient: false, hide_particles: false, conditions: null}], damage_modifier_operation: null, damage_modifier: null, target: null, damage_type: null, health_left: null} 
[02:23:41] [INFO] Loading Mob mobs:forgotten 
[02:23:41] [INFO] Loaded Mob mobs:forgotten 
[02:23:41] [INFO] Loading Mob mobs:zombie_bruiser 
[02:23:41] [INFO] Loaded Mob mobs:zombie_bruiser 
[02:23:41] [INFO] Loading Mob mobs:trollenraged 
[02:23:41] [INFO] Loaded Mob mobs:trollenraged 
[02:23:41] [INFO] Loading Mob mobs:swampjaw 
[02:23:41] [INFO] Loaded Mob mobs:swampjaw 
[02:23:41] [INFO] Loading Mob mobs:iron_golem 
[02:23:41] [INFO] Loaded Mob mobs:iron_golem 
[02:23:41] [INFO] Loading Mob mobs:slugger 
[02:23:41] [INFO] Loaded Mob mobs:slugger 
[02:23:41] [INFO] Loading Mob mobs:conjurer 
[02:23:41] [INFO] Loaded Mob mobs:conjurer 
[02:23:41] [INFO] Loading Mob mobs:big_troll 
[02:23:41] [INFO] Loaded Mob mobs:big_troll 
[02:23:41] [INFO] Loading Mob mobs:direwolf 
[02:23:41] [INFO] Loaded Mob mobs:direwolf 
[02:23:41] [INFO] Loading Mob mobs:restless_spirit 
[02:23:41] [INFO] Loaded Mob mobs:restless_spirit 
[02:23:41] [INFO] Loading Mob mobs:supreme_bonescaller 
[02:23:41] [INFO] Loaded Mob mobs:supreme_bonescaller 
[02:23:41] [INFO] Loading Mob mobs:equestrian 
[02:23:41] [INFO] Loaded Mob mobs:equestrian 
[02:23:41] [INFO] Loading Mob mobs:death_tome 
[02:23:41] [INFO] Loaded Mob mobs:death_tome 
[02:23:41] [INFO] Loading Mob mobs:bonescaller 
[02:23:41] [INFO] Loaded Mob mobs:bonescaller 
[02:23:41] [INFO] Loading Mob mobs:seared_spirit 
[02:23:41] [INFO] Loaded Mob mobs:seared_spirit 
[02:23:41] [INFO] Loading Mob mobs:twilight_lich 
[02:23:41] [INFO] Loaded Mob mobs:twilight_lich 
[02:23:41] [INFO] Loading Mob mobs:naga 
[02:23:41] [INFO] Loaded Mob mobs:naga 
[02:23:41] [INFO] Loading Mob mobs:gorgon 
[02:23:41] [INFO] Loaded Mob mobs:gorgon 
[02:23:41] [INFO] Loading Mob mobs:zombie_clown 
[02:23:41] [INFO] Loaded Mob mobs:zombie_clown 
[02:23:41] [INFO] Loading Mob mobs:dread_hound 
[02:23:41] [INFO] Loaded Mob mobs:dread_hound 
[02:23:41] [INFO] Loading Mob mobs:tarantula 
[02:23:41] [INFO] Loaded Mob mobs:tarantula 
[02:23:41] [INFO] Loading Mob mobs:rocky_roller 
[02:23:41] [INFO] Loaded Mob mobs:rocky_roller 
[02:23:41] [INFO] Loading Mob mobs:vampire 
[02:23:41] [INFO] Loaded Mob mobs:vampire 
[02:23:41] [INFO] Loading Mob mobs:dame_fortuna 
[02:23:41] [INFO] Loaded Mob mobs:dame_fortuna 
[02:23:41] [INFO] Loading Mob mobs:murmur 
[02:23:41] [INFO] Loaded Mob mobs:murmur 
[02:23:41] [INFO] Loading Mob mobs:scarlet_persecutor 
[02:23:41] [INFO] Loaded Mob mobs:scarlet_persecutor 
[02:23:41] [INFO] Loading Mob mobs:vampflyer 
[02:23:41] [INFO] Loaded Mob mobs:vampflyer 
[02:23:41] [INFO] Loading Mob mobs:bellringer 
[02:23:41] [INFO] Loaded Mob mobs:bellringer 
[02:23:41] [INFO] Loading Mob mobs:siamese_skeletonsleft 
[02:23:41] [INFO] Loaded Mob mobs:siamese_skeletonsleft 
[02:23:41] [INFO] Loading Mob mobs:missioner 
[02:23:41] [INFO] Loaded Mob mobs:missioner 
[02:23:41] [INFO] Loading Mob mobs:wasp 
[02:23:41] [INFO] Loaded Mob mobs:wasp 
[02:23:41] [INFO] Loaded 47 Mob(s) 
